[     105ms] [WARNING] Mixed Content: The page at 'https://www.wonjincn.com/' was loaded over HTTPS, but requested an insecure element 'http://www.wonjincn.com/images/weixin.svg'. This request was automatically upgraded to HTTPS, For more information see https://blog.chromium.org/2019/10/no-more-mixed-messages-about-https.html @ https://www.wonjincn.com/:0
[     107ms] [WARNING] Mixed Content: The page at 'https://www.wonjincn.com/' was loaded over HTTPS, but requested an insecure element 'http://www.wonjincn.com/images/line.svg'. This request was automatically upgraded to HTTPS, For more information see https://blog.chromium.org/2019/10/no-more-mixed-messages-about-https.html @ https://www.wonjincn.com/:0
[     108ms] [WARNING] Mixed Content: The page at 'https://www.wonjincn.com/' was loaded over HTTPS, but requested an insecure element 'http://images.k-wonjin.co.kr/plastic/popup/20230322/pc_430x630.jpg'. This request was automatically upgraded to HTTPS, For more information see https://blog.chromium.org/2019/10/no-more-mixed-messages-about-https.html @ https://www.wonjincn.com/:0
[     109ms] [WARNING] Mixed Content: The page at 'https://www.wonjincn.com/' was loaded over HTTPS, but requested an insecure element 'http://images.k-wonjin.co.kr/plastic/popup/20230322/button.png'. This request was automatically upgraded to HTTPS, For more information see https://blog.chromium.org/2019/10/no-more-mixed-messages-about-https.html @ https://www.wonjincn.com/:0
[     198ms] [WARNING] Mixed Content: The page at 'https://www.wonjincn.com/' was loaded over HTTPS, but requested an insecure element 'http://www.wonjincn.com/images/weixin.svg'. This request was automatically upgraded to HTTPS, For more information see https://blog.chromium.org/2019/10/no-more-mixed-messages-about-https.html @ https://www.wonjincn.com/:267
[     198ms] [WARNING] Mixed Content: The page at 'https://www.wonjincn.com/' was loaded over HTTPS, but requested an insecure element 'http://www.wonjincn.com/images/line.svg'. This request was automatically upgraded to HTTPS, For more information see https://blog.chromium.org/2019/10/no-more-mixed-messages-about-https.html @ https://www.wonjincn.com/:267
[     205ms] [ERROR] Mixed Content: The page at 'https://www.wonjincn.com/' was loaded over HTTPS, but requested an insecure font 'http://video.kwj.kr/font/IvyJournal-Thin.woff2'. This request has been blocked; the content must be served over HTTPS. @ https://www.wonjincn.com/:623
[     205ms] [ERROR] Mixed Content: The page at 'https://www.wonjincn.com/' was loaded over HTTPS, but requested an insecure font 'http://video.kwj.kr/font/IvyJournal-Thin.woff'. This request has been blocked; the content must be served over HTTPS. @ https://www.wonjincn.com/:623
[     205ms] [ERROR] Mixed Content: The page at 'https://www.wonjincn.com/' was loaded over HTTPS, but requested an insecure font 'http://video.kwj.kr/font/IvyJournal-Thin.ttf'. This request has been blocked; the content must be served over HTTPS. @ https://www.wonjincn.com/:623
[     205ms] [ERROR] Mixed Content: The page at 'https://www.wonjincn.com/' was loaded over HTTPS, but requested an insecure font 'http://video.kwj.kr/font/IvyJournal-Light.woff2'. This request has been blocked; the content must be served over HTTPS. @ https://www.wonjincn.com/:623
[     205ms] [ERROR] Mixed Content: The page at 'https://www.wonjincn.com/' was loaded over HTTPS, but requested an insecure font 'http://video.kwj.kr/font/IvyJournal-Light.woff'. This request has been blocked; the content must be served over HTTPS. @ https://www.wonjincn.com/:623
[     206ms] [ERROR] Mixed Content: The page at 'https://www.wonjincn.com/' was loaded over HTTPS, but requested an insecure font 'http://video.kwj.kr/font/IvyJournal-Light.ttf'. This request has been blocked; the content must be served over HTTPS. @ https://www.wonjincn.com/:623
[     206ms] [ERROR] Mixed Content: The page at 'https://www.wonjincn.com/' was loaded over HTTPS, but requested an insecure font 'http://video.kwj.kr/font/IvyJournal-Regular.woff2'. This request has been blocked; the content must be served over HTTPS. @ https://www.wonjincn.com/:623
[     206ms] [ERROR] Mixed Content: The page at 'https://www.wonjincn.com/' was loaded over HTTPS, but requested an insecure font 'http://video.kwj.kr/font/IvyJournal-Regular.woff'. This request has been blocked; the content must be served over HTTPS. @ https://www.wonjincn.com/:623
[     206ms] [ERROR] Mixed Content: The page at 'https://www.wonjincn.com/' was loaded over HTTPS, but requested an insecure font 'http://video.kwj.kr/font/IvyJournal-Regular.ttf'. This request has been blocked; the content must be served over HTTPS. @ https://www.wonjincn.com/:623
[     206ms] [ERROR] Mixed Content: The page at 'https://www.wonjincn.com/' was loaded over HTTPS, but requested an insecure font 'http://video.kwj.kr/font/IvyJournal-SemiBold.woff2'. This request has been blocked; the content must be served over HTTPS. @ https://www.wonjincn.com/:623
[     206ms] [ERROR] Mixed Content: The page at 'https://www.wonjincn.com/' was loaded over HTTPS, but requested an insecure font 'http://video.kwj.kr/font/IvyJournal-SemiBold.woff'. This request has been blocked; the content must be served over HTTPS. @ https://www.wonjincn.com/:623
[     206ms] [ERROR] Mixed Content: The page at 'https://www.wonjincn.com/' was loaded over HTTPS, but requested an insecure font 'http://video.kwj.kr/font/IvyJournal-SemiBold.ttf'. This request has been blocked; the content must be served over HTTPS. @ https://www.wonjincn.com/:623
[     206ms] [ERROR] Mixed Content: The page at 'https://www.wonjincn.com/' was loaded over HTTPS, but requested an insecure font 'http://video.kwj.kr/font/IvyJournal-Bold.woff2'. This request has been blocked; the content must be served over HTTPS. @ https://www.wonjincn.com/:623
[     206ms] [ERROR] Mixed Content: The page at 'https://www.wonjincn.com/' was loaded over HTTPS, but requested an insecure font 'http://video.kwj.kr/font/IvyJournal-Bold.woff'. This request has been blocked; the content must be served over HTTPS. @ https://www.wonjincn.com/:623
[     206ms] [ERROR] Mixed Content: The page at 'https://www.wonjincn.com/' was loaded over HTTPS, but requested an insecure font 'http://video.kwj.kr/font/IvyJournal-Bold.ttf'. This request has been blocked; the content must be served over HTTPS. @ https://www.wonjincn.com/:623
[     206ms] [ERROR] Mixed Content: The page at 'https://www.wonjincn.com/' was loaded over HTTPS, but requested an insecure font 'http://video.kwj.kr/font/NotoSans-Black.woff2'. This request has been blocked; the content must be served over HTTPS. @ https://www.wonjincn.com/:623
[     206ms] [ERROR] Mixed Content: The page at 'https://www.wonjincn.com/' was loaded over HTTPS, but requested an insecure font 'http://video.kwj.kr/font/NotoSans-Black.woff'. This request has been blocked; the content must be served over HTTPS. @ https://www.wonjincn.com/:623
[     206ms] [ERROR] Mixed Content: The page at 'https://www.wonjincn.com/' was loaded over HTTPS, but requested an insecure font 'http://video.kwj.kr/font/NotoSans-Black.ttf'. This request has been blocked; the content must be served over HTTPS. @ https://www.wonjincn.com/:623
[     207ms] [ERROR] Mixed Content: The page at 'https://www.wonjincn.com/' was loaded over HTTPS, but requested an insecure font 'http://video.kwj.kr/font/NotoSans-Bold.woff2'. This request has been blocked; the content must be served over HTTPS. @ https://www.wonjincn.com/:623
[     207ms] [ERROR] Mixed Content: The page at 'https://www.wonjincn.com/' was loaded over HTTPS, but requested an insecure font 'http://video.kwj.kr/font/NotoSans-Bold.woff'. This request has been blocked; the content must be served over HTTPS. @ https://www.wonjincn.com/:623
[     207ms] [ERROR] Mixed Content: The page at 'https://www.wonjincn.com/' was loaded over HTTPS, but requested an insecure font 'http://video.kwj.kr/font/NotoSans-Bold.ttf'. This request has been blocked; the content must be served over HTTPS. @ https://www.wonjincn.com/:623
[     207ms] [ERROR] Mixed Content: The page at 'https://www.wonjincn.com/' was loaded over HTTPS, but requested an insecure font 'http://video.kwj.kr/font/NotoSans-Medium.woff2'. This request has been blocked; the content must be served over HTTPS. @ https://www.wonjincn.com/:623
[     207ms] [ERROR] Mixed Content: The page at 'https://www.wonjincn.com/' was loaded over HTTPS, but requested an insecure font 'http://video.kwj.kr/font/NotoSans-Medium.woff'. This request has been blocked; the content must be served over HTTPS. @ https://www.wonjincn.com/:623
[     207ms] [ERROR] Mixed Content: The page at 'https://www.wonjincn.com/' was loaded over HTTPS, but requested an insecure font 'http://video.kwj.kr/font/NotoSans-Medium.ttf'. This request has been blocked; the content must be served over HTTPS. @ https://www.wonjincn.com/:623
[     207ms] [ERROR] Mixed Content: The page at 'https://www.wonjincn.com/' was loaded over HTTPS, but requested an insecure font 'http://video.kwj.kr/font/NotoSans-Regular.woff2'. This request has been blocked; the content must be served over HTTPS. @ https://www.wonjincn.com/:623
[     207ms] [ERROR] Mixed Content: The page at 'https://www.wonjincn.com/' was loaded over HTTPS, but requested an insecure font 'http://video.kwj.kr/font/NotoSans-Regular.woff'. This request has been blocked; the content must be served over HTTPS. @ https://www.wonjincn.com/:623
[     207ms] [ERROR] Mixed Content: The page at 'https://www.wonjincn.com/' was loaded over HTTPS, but requested an insecure font 'http://video.kwj.kr/font/NotoSans-Regular.ttf'. This request has been blocked; the content must be served over HTTPS. @ https://www.wonjincn.com/:623
[     207ms] [ERROR] Mixed Content: The page at 'https://www.wonjincn.com/' was loaded over HTTPS, but requested an insecure font 'http://video.kwj.kr/font/NotoSans-DemiLight.woff2'. This request has been blocked; the content must be served over HTTPS. @ https://www.wonjincn.com/:623
[     207ms] [ERROR] Mixed Content: The page at 'https://www.wonjincn.com/' was loaded over HTTPS, but requested an insecure font 'http://video.kwj.kr/font/NotoSans-DemiLight.woff'. This request has been blocked; the content must be served over HTTPS. @ https://www.wonjincn.com/:623
[     208ms] [ERROR] Mixed Content: The page at 'https://www.wonjincn.com/' was loaded over HTTPS, but requested an insecure font 'http://video.kwj.kr/font/NotoSans-DemiLight.ttf'. This request has been blocked; the content must be served over HTTPS. @ https://www.wonjincn.com/:623
[     208ms] [ERROR] Mixed Content: The page at 'https://www.wonjincn.com/' was loaded over HTTPS, but requested an insecure font 'http://video.kwj.kr/font/NotoSans-Light.woff2'. This request has been blocked; the content must be served over HTTPS. @ https://www.wonjincn.com/:623
[     208ms] [ERROR] Mixed Content: The page at 'https://www.wonjincn.com/' was loaded over HTTPS, but requested an insecure font 'http://video.kwj.kr/font/NotoSans-Light.woff'. This request has been blocked; the content must be served over HTTPS. @ https://www.wonjincn.com/:623
[     208ms] [ERROR] Mixed Content: The page at 'https://www.wonjincn.com/' was loaded over HTTPS, but requested an insecure font 'http://video.kwj.kr/font/NotoSans-Light.ttf'. This request has been blocked; the content must be served over HTTPS. @ https://www.wonjincn.com/:623
[     208ms] [ERROR] Mixed Content: The page at 'https://www.wonjincn.com/' was loaded over HTTPS, but requested an insecure font 'http://video.kwj.kr/font/NotoSans-Thin.woff2'. This request has been blocked; the content must be served over HTTPS. @ https://www.wonjincn.com/:623
[     208ms] [ERROR] Mixed Content: The page at 'https://www.wonjincn.com/' was loaded over HTTPS, but requested an insecure font 'http://video.kwj.kr/font/NotoSans-Thin.woff'. This request has been blocked; the content must be served over HTTPS. @ https://www.wonjincn.com/:623
[     208ms] [ERROR] Mixed Content: The page at 'https://www.wonjincn.com/' was loaded over HTTPS, but requested an insecure font 'http://video.kwj.kr/font/NotoSans-Thin.ttf'. This request has been blocked; the content must be served over HTTPS. @ https://www.wonjincn.com/:623
[     208ms] [ERROR] Mixed Content: The page at 'https://www.wonjincn.com/' was loaded over HTTPS, but requested an insecure font 'http://video.kwj.kr/font/NotoSerifKR-Black.woff2'. This request has been blocked; the content must be served over HTTPS. @ https://www.wonjincn.com/:623
[     208ms] [ERROR] Mixed Content: The page at 'https://www.wonjincn.com/' was loaded over HTTPS, but requested an insecure font 'http://video.kwj.kr/font/NotoSerifKR-Black.woff'. This request has been blocked; the content must be served over HTTPS. @ https://www.wonjincn.com/:623
[     208ms] [ERROR] Mixed Content: The page at 'https://www.wonjincn.com/' was loaded over HTTPS, but requested an insecure font 'http://video.kwj.kr/font/NotoSerifKR-Black.ttf'. This request has been blocked; the content must be served over HTTPS. @ https://www.wonjincn.com/:623
[     208ms] [ERROR] Mixed Content: The page at 'https://www.wonjincn.com/' was loaded over HTTPS, but requested an insecure font 'http://video.kwj.kr/font/NotoSerifKR-Bold.woff2'. This request has been blocked; the content must be served over HTTPS. @ https://www.wonjincn.com/:623
[     208ms] [ERROR] Mixed Content: The page at 'https://www.wonjincn.com/' was loaded over HTTPS, but requested an insecure font 'http://video.kwj.kr/font/NotoSerifKR-Bold.woff'. This request has been blocked; the content must be served over HTTPS. @ https://www.wonjincn.com/:623
[     208ms] [ERROR] Mixed Content: The page at 'https://www.wonjincn.com/' was loaded over HTTPS, but requested an insecure font 'http://video.kwj.kr/font/NotoSerifKR-Bold.ttf'. This request has been blocked; the content must be served over HTTPS. @ https://www.wonjincn.com/:623
[     208ms] [ERROR] Mixed Content: The page at 'https://www.wonjincn.com/' was loaded over HTTPS, but requested an insecure font 'http://video.kwj.kr/font/NotoSerifKR-semiBold.woff2'. This request has been blocked; the content must be served over HTTPS. @ https://www.wonjincn.com/:623
[     209ms] [ERROR] Mixed Content: The page at 'https://www.wonjincn.com/' was loaded over HTTPS, but requested an insecure font 'http://video.kwj.kr/font/NotoSerifKR-semiBold.woff'. This request has been blocked; the content must be served over HTTPS. @ https://www.wonjincn.com/:623
[     209ms] [ERROR] Mixed Content: The page at 'https://www.wonjincn.com/' was loaded over HTTPS, but requested an insecure font 'http://video.kwj.kr/font/NotoSerifKR-semiBold.ttf'. This request has been blocked; the content must be served over HTTPS. @ https://www.wonjincn.com/:623
[     209ms] [ERROR] Mixed Content: The page at 'https://www.wonjincn.com/' was loaded over HTTPS, but requested an insecure font 'http://video.kwj.kr/font/NotoSerifKR-Medium.woff2'. This request has been blocked; the content must be served over HTTPS. @ https://www.wonjincn.com/:623
[     209ms] [ERROR] Mixed Content: The page at 'https://www.wonjincn.com/' was loaded over HTTPS, but requested an insecure font 'http://video.kwj.kr/font/NotoSerifKR-Medium.woff'. This request has been blocked; the content must be served over HTTPS. @ https://www.wonjincn.com/:623
[     209ms] [ERROR] Mixed Content: The page at 'https://www.wonjincn.com/' was loaded over HTTPS, but requested an insecure font 'http://video.kwj.kr/font/NotoSerifKR-Medium.ttf'. This request has been blocked; the content must be served over HTTPS. @ https://www.wonjincn.com/:623
[     209ms] [ERROR] Mixed Content: The page at 'https://www.wonjincn.com/' was loaded over HTTPS, but requested an insecure font 'http://video.kwj.kr/font/NotoSerifKR-Regular.woff2'. This request has been blocked; the content must be served over HTTPS. @ https://www.wonjincn.com/:623
[     209ms] [ERROR] Mixed Content: The page at 'https://www.wonjincn.com/' was loaded over HTTPS, but requested an insecure font 'http://video.kwj.kr/font/NotoSerifKR-Regular.woff'. This request has been blocked; the content must be served over HTTPS. @ https://www.wonjincn.com/:623
[     209ms] [ERROR] Mixed Content: The page at 'https://www.wonjincn.com/' was loaded over HTTPS, but requested an insecure font 'http://video.kwj.kr/font/NotoSerifKR-Regular.ttf'. This request has been blocked; the content must be served over HTTPS. @ https://www.wonjincn.com/:623
[     209ms] [ERROR] Mixed Content: The page at 'https://www.wonjincn.com/' was loaded over HTTPS, but requested an insecure font 'http://video.kwj.kr/font/NotoSerifKR-Light.woff2'. This request has been blocked; the content must be served over HTTPS. @ https://www.wonjincn.com/:623
[     209ms] [ERROR] Mixed Content: The page at 'https://www.wonjincn.com/' was loaded over HTTPS, but requested an insecure font 'http://video.kwj.kr/font/NotoSerifKR-Light.woff'. This request has been blocked; the content must be served over HTTPS. @ https://www.wonjincn.com/:623
[     209ms] [ERROR] Mixed Content: The page at 'https://www.wonjincn.com/' was loaded over HTTPS, but requested an insecure font 'http://video.kwj.kr/font/NotoSerifKR-Light.ttf'. This request has been blocked; the content must be served over HTTPS. @ https://www.wonjincn.com/:623
[     209ms] [ERROR] Mixed Content: The page at 'https://www.wonjincn.com/' was loaded over HTTPS, but requested an insecure font 'http://video.kwj.kr/font/NotoSerifKR-ExtraLight.woff2'. This request has been blocked; the content must be served over HTTPS. @ https://www.wonjincn.com/:623
[     209ms] [ERROR] Mixed Content: The page at 'https://www.wonjincn.com/' was loaded over HTTPS, but requested an insecure font 'http://video.kwj.kr/font/NotoSerifKR-ExtraLight.woff'. This request has been blocked; the content must be served over HTTPS. @ https://www.wonjincn.com/:623
[     209ms] [ERROR] Mixed Content: The page at 'https://www.wonjincn.com/' was loaded over HTTPS, but requested an insecure font 'http://video.kwj.kr/font/NotoSerifKR-ExtraLight.ttf'. This request has been blocked; the content must be served over HTTPS. @ https://www.wonjincn.com/:623
[     209ms] [ERROR] Mixed Content: The page at 'https://www.wonjincn.com/' was loaded over HTTPS, but requested an insecure font 'http://video.kwj.kr/font/HelveticaNowTextBlack.woff'. This request has been blocked; the content must be served over HTTPS. @ https://www.wonjincn.com/:623
[     209ms] [ERROR] Mixed Content: The page at 'https://www.wonjincn.com/' was loaded over HTTPS, but requested an insecure font 'http://video.kwj.kr/font/HelveticaNowTextBlack.ttf'. This request has been blocked; the content must be served over HTTPS. @ https://www.wonjincn.com/:623
[     209ms] [ERROR] Mixed Content: The page at 'https://www.wonjincn.com/' was loaded over HTTPS, but requested an insecure font 'http://video.kwj.kr/font/HelveticaNowTextExtraBold.woff'. This request has been blocked; the content must be served over HTTPS. @ https://www.wonjincn.com/:623
[     209ms] [ERROR] Mixed Content: The page at 'https://www.wonjincn.com/' was loaded over HTTPS, but requested an insecure font 'http://video.kwj.kr/font/HelveticaNowTextExtraBold.ttf'. This request has been blocked; the content must be served over HTTPS. @ https://www.wonjincn.com/:623
[     209ms] [ERROR] Mixed Content: The page at 'https://www.wonjincn.com/' was loaded over HTTPS, but requested an insecure font 'http://video.kwj.kr/font/HelveticaNowTextBold.woff'. This request has been blocked; the content must be served over HTTPS. @ https://www.wonjincn.com/:623
[     209ms] [ERROR] Mixed Content: The page at 'https://www.wonjincn.com/' was loaded over HTTPS, but requested an insecure font 'http://video.kwj.kr/font/HelveticaNowTextBold.ttf'. This request has been blocked; the content must be served over HTTPS. @ https://www.wonjincn.com/:623
[     209ms] [ERROR] Mixed Content: The page at 'https://www.wonjincn.com/' was loaded over HTTPS, but requested an insecure font 'http://video.kwj.kr/font/HelveticaNowTextMedium.woff'. This request has been blocked; the content must be served over HTTPS. @ https://www.wonjincn.com/:623
[     209ms] [ERROR] Mixed Content: The page at 'https://www.wonjincn.com/' was loaded over HTTPS, but requested an insecure font 'http://video.kwj.kr/font/HelveticaNowTextMedium.ttf'. This request has been blocked; the content must be served over HTTPS. @ https://www.wonjincn.com/:623
[     209ms] [ERROR] Mixed Content: The page at 'https://www.wonjincn.com/' was loaded over HTTPS, but requested an insecure font 'http://video.kwj.kr/font/HelveticaNowText.woff'. This request has been blocked; the content must be served over HTTPS. @ https://www.wonjincn.com/:623
[     209ms] [ERROR] Mixed Content: The page at 'https://www.wonjincn.com/' was loaded over HTTPS, but requested an insecure font 'http://video.kwj.kr/font/HelveticaNowText.ttf'. This request has been blocked; the content must be served over HTTPS. @ https://www.wonjincn.com/:623
[     210ms] [ERROR] Mixed Content: The page at 'https://www.wonjincn.com/' was loaded over HTTPS, but requested an insecure font 'http://video.kwj.kr/font/HelveticaNowTextLight.woff'. This request has been blocked; the content must be served over HTTPS. @ https://www.wonjincn.com/:623
[     210ms] [ERROR] Mixed Content: The page at 'https://www.wonjincn.com/' was loaded over HTTPS, but requested an insecure font 'http://video.kwj.kr/font/HelveticaNowTextLight.ttf'. This request has been blocked; the content must be served over HTTPS. @ https://www.wonjincn.com/:623
[     210ms] [ERROR] Mixed Content: The page at 'https://www.wonjincn.com/' was loaded over HTTPS, but requested an insecure font 'http://video.kwj.kr/font/HelveticaNowTextExtraLight.woff'. This request has been blocked; the content must be served over HTTPS. @ https://www.wonjincn.com/:623
[     210ms] [ERROR] Mixed Content: The page at 'https://www.wonjincn.com/' was loaded over HTTPS, but requested an insecure font 'http://video.kwj.kr/font/HelveticaNowTextExtraLight.ttf'. This request has been blocked; the content must be served over HTTPS. @ https://www.wonjincn.com/:623
[     210ms] [ERROR] Mixed Content: The page at 'https://www.wonjincn.com/' was loaded over HTTPS, but requested an insecure font 'http://video.kwj.kr/font/HelveticaNowTextThin.woff'. This request has been blocked; the content must be served over HTTPS. @ https://www.wonjincn.com/:623
[     210ms] [ERROR] Mixed Content: The page at 'https://www.wonjincn.com/' was loaded over HTTPS, but requested an insecure font 'http://video.kwj.kr/font/HelveticaNowTextThin.ttf'. This request has been blocked; the content must be served over HTTPS. @ https://www.wonjincn.com/:623
[     367ms] [ERROR] Failed to load resource: net::ERR_CONNECTION_RESET @ https://images.k-wonjin.co.kr/plastic/popup/20230322/button.png:0
[     367ms] [ERROR] Failed to load resource: net::ERR_CONNECTION_RESET @ https://images.k-wonjin.co.kr/plastic/popup/20230322/pc_430x630.jpg:0
[    1598ms] TypeError: Cannot read properties of null (reading 'style')
    at https://www.wonjincn.com/scripts/tanchuang.js:19:32
[    1595ms] [WARNING] Mixed Content: The page at 'https://www.wonjincn.com/' was loaded over HTTPS, but requested an insecure element 'http://images.k-wonjin.co.kr/plastic/popup/20230322/pc_430x630.jpg'. This request was automatically upgraded to HTTPS, For more information see https://blog.chromium.org/2019/10/no-more-mixed-messages-about-https.html @ https://www.wonjincn.com/:1472
[    1595ms] [WARNING] Mixed Content: The page at 'https://www.wonjincn.com/' was loaded over HTTPS, but requested an insecure element 'http://images.k-wonjin.co.kr/plastic/popup/20230322/button.png'. This request was automatically upgraded to HTTPS, For more information see https://blog.chromium.org/2019/10/no-more-mixed-messages-about-https.html @ https://www.wonjincn.com/:1472
[    1608ms] [LOG] S.fn.init @ https://www.wonjincn.com/wj-news/w-js/common.js:55
[    1611ms] [WARNING] jQuery.Deferred exception: Cannot read properties of null (reading 'addEventListener') TypeError: Cannot read properties of null (reading 'addEventListener')
    at https://www.wonjincn.com/:191:11
    at Array.forEach (<anonymous>)
    at setInputFilter (https://www.wonjincn.com/:190:91)
    at HTMLDocument.<anonymous> (https://www.wonjincn.com/:181:4)
    at e (https://www.wonjincn.com/wj-news/w-js/jquery-3.5.1.min.js:2:30005)
    at t (https://www.wonjincn.com/wj-news/w-js/jquery-3.5.1.min.js:2:30307) undefined @ https://www.wonjincn.com/wj-news/w-js/jquery-3.5.1.min.js:1
[    1616ms] TypeError: Cannot read properties of null (reading 'addEventListener')
    at https://www.wonjincn.com/:191:11
    at Array.forEach (<anonymous>)
    at setInputFilter (https://www.wonjincn.com/:190:91)
    at HTMLDocument.<anonymous> (https://www.wonjincn.com/:181:4)
    at e (https://www.wonjincn.com/wj-news/w-js/jquery-3.5.1.min.js:2:30005)
    at t (https://www.wonjincn.com/wj-news/w-js/jquery-3.5.1.min.js:2:30307)
[    1629ms] [LOG] HeadlessChrome @ https://rum.beusable.net/script/b200721e145218u789/6c59b3929e:0
[    1629ms] [LOG] HeadlessChrome @ https://rum.beusable.net/script/b200721e145047u401/1b7b7f22ef:0
[    1629ms] [LOG] HeadlessChrome @ https://rum.beusable.net/script/b200721e144944u271/695f8803ae:0
[   11075ms] [ERROR] Failed to load resource: net::ERR_HTTP2_PROTOCOL_ERROR @ https://www.wonjincn.com/wj-news/w-css/arr.svg:0
[   11075ms] [ERROR] Failed to load resource: net::ERR_HTTP2_PROTOCOL_ERROR @ https://www.wonjincn.com/wj-news/w-css/logo.svg:0
[   11075ms] [ERROR] Failed to load resource: net::ERR_HTTP2_PROTOCOL_ERROR @ https://www.wonjincn.com/wj-news/w-css/arr3.svg:0
[   11979ms] [ERROR] Failed to load resource: the server responded with a status of 404 () @ https://www.wonjincn.com/wj-news/w-images/images/favicon.ico?v=2:0
